Reusing 7000 files from runs/clustering/v2_subspace_big/sample.json (--num-files ignored)
Sampling 7000 files x 12288 tokens = 86,016,000 tokens (352.3 GB fp16 in RAM) | sample fingerprint 82ca602ed7e7
  loaded 100/7000 files (22.6 files/s)
  loaded 200/7000 files (20.5 files/s)
  loaded 300/7000 files (19.3 files/s)
  loaded 400/7000 files (19.3 files/s)
  loaded 500/7000 files (19.4 files/s)
  loaded 600/7000 files (19.3 files/s)
  loaded 700/7000 files (19.4 files/s)
  loaded 800/7000 files (19.3 files/s)
  loaded 900/7000 files (19.3 files/s)
  loaded 1000/7000 files (19.3 files/s)
  loaded 1100/7000 files (19.3 files/s)
  loaded 1200/7000 files (19.2 files/s)
  loaded 1300/7000 files (19.3 files/s)
  loaded 1400/7000 files (19.3 files/s)
  loaded 1500/7000 files (19.3 files/s)
  loaded 1600/7000 files (19.3 files/s)
  loaded 1700/7000 files (19.2 files/s)
  loaded 1800/7000 files (19.2 files/s)
  loaded 1900/7000 files (19.2 files/s)
  loaded 2000/7000 files (19.2 files/s)
  loaded 2100/7000 files (19.1 files/s)
  loaded 2200/7000 files (19.1 files/s)
  loaded 2300/7000 files (19.1 files/s)
  loaded 2400/7000 files (19.1 files/s)
  loaded 2500/7000 files (19.1 files/s)
  loaded 2600/7000 files (19.0 files/s)
  loaded 2700/7000 files (19.0 files/s)
  loaded 2800/7000 files (18.9 files/s)
  loaded 2900/7000 files (18.9 files/s)
  loaded 3000/7000 files (18.8 files/s)
  loaded 3100/7000 files (18.8 files/s)
  loaded 3200/7000 files (18.8 files/s)
  loaded 3300/7000 files (18.8 files/s)
  loaded 3400/7000 files (18.8 files/s)
  loaded 3500/7000 files (18.8 files/s)
  loaded 3600/7000 files (18.8 files/s)
  loaded 3700/7000 files (18.8 files/s)
  loaded 3800/7000 files (18.7 files/s)
  loaded 3900/7000 files (18.7 files/s)
  loaded 4000/7000 files (18.7 files/s)
  loaded 4100/7000 files (18.7 files/s)
  loaded 4200/7000 files (18.7 files/s)
  loaded 4300/7000 files (18.7 files/s)
  loaded 4400/7000 files (18.7 files/s)
  loaded 4500/7000 files (18.7 files/s)
  loaded 4600/7000 files (18.7 files/s)
  loaded 4700/7000 files (18.7 files/s)
  loaded 4800/7000 files (18.7 files/s)
  loaded 4900/7000 files (18.7 files/s)
  loaded 5000/7000 files (18.7 files/s)
  loaded 5100/7000 files (18.7 files/s)
  loaded 5200/7000 files (18.7 files/s)
  loaded 5300/7000 files (18.7 files/s)
  loaded 5400/7000 files (18.7 files/s)
  loaded 5500/7000 files (18.7 files/s)
  loaded 5600/7000 files (18.6 files/s)
  loaded 5700/7000 files (18.6 files/s)
  loaded 5800/7000 files (18.6 files/s)
  loaded 5900/7000 files (18.6 files/s)
  loaded 6000/7000 files (18.6 files/s)
  loaded 6100/7000 files (18.6 files/s)
  loaded 6200/7000 files (18.6 files/s)
  loaded 6300/7000 files (18.6 files/s)
  loaded 6400/7000 files (18.6 files/s)
  loaded 6500/7000 files (18.6 files/s)
  loaded 6600/7000 files (18.6 files/s)
  loaded 6700/7000 files (18.6 files/s)
  loaded 6800/7000 files (18.6 files/s)
  loaded 6900/7000 files (18.5 files/s)
  loaded 7000/7000 files (18.5 files/s)
  re-seeding cluster 65 (size 69)
  re-seeding cluster 186 (size 109)
  re-seeding cluster 203 (size 69)
  re-seeding cluster 240 (size 104)
iter  1: obj/token=7352.9136  changed=100.0000%  sizes[min/med/max]=69/18760/22618934  (444.4s)
iter  2: obj/token=2254.9448  changed=84.9224%  sizes[min/med/max]=7227/261219/1676374  (365.1s)
iter  3: obj/token=1948.8190  changed=43.7665%  sizes[min/med/max]=38580/301147/1420539  (357.1s)
iter  4: obj/token=1870.1880  changed=24.0591%  sizes[min/med/max]=74128/315756/1202257  (383.2s)
iter  5: obj/token=1832.8684  changed=16.5995%  sizes[min/med/max]=82224/315687/1154694  (384.9s)
iter  6: obj/token=1808.9934  changed=12.4217%  sizes[min/med/max]=105702/312371/1126609  (380.3s)
iter  7: obj/token=1792.4992  changed=9.6979%  sizes[min/med/max]=121053/311124/1115802  (437.9s)
iter  8: obj/token=1780.7902  changed=7.7681%  sizes[min/med/max]=125551/310489/1111137  (395.3s)
iter  9: obj/token=1771.7387  changed=6.4579%  sizes[min/med/max]=130207/311184/1110004  (393.5s)
iter 10: obj/token=1764.7817  changed=5.3637%  sizes[min/med/max]=131430/307841/1108531  (391.6s)
iter 11: obj/token=1759.3459  changed=4.5649%  sizes[min/med/max]=130001/310968/1105968  (404.0s)
iter 12: obj/token=1755.1560  changed=3.9115%  sizes[min/med/max]=129752/315731/1104412  (385.1s)
iter 13: obj/token=1751.9287  changed=3.4160%  sizes[min/med/max]=128714/317680/1104304  (383.6s)
iter 14: obj/token=1749.0730  changed=3.1164%  sizes[min/med/max]=127053/319474/1104275  (385.5s)
iter 15: obj/token=1746.4669  changed=2.8406%  sizes[min/med/max]=125706/315527/1104229  (398.8s)
iter 16: obj/token=1744.2139  changed=2.5908%  sizes[min/med/max]=124124/319469/1104160  (395.8s)
iter 17: obj/token=1742.2378  changed=2.3728%  sizes[min/med/max]=121837/323092/1104054  (391.1s)
iter 18: obj/token=1740.4198  changed=2.1691%  sizes[min/med/max]=119359/322886/1103893  (381.8s)
iter 19: obj/token=1738.7831  changed=1.9528%  sizes[min/med/max]=116439/323980/1103603  (394.5s)
iter 20: obj/token=1737.3887  changed=1.7522%  sizes[min/med/max]=114773/326734/1103024  (392.7s)
iter 21: obj/token=1736.2142  changed=1.5815%  sizes[min/med/max]=114580/323724/1101508  (406.0s)
iter 22: obj/token=1735.2916  changed=1.4238%  sizes[min/med/max]=113667/323743/1097430  (405.3s)
iter 23: obj/token=1734.4721  changed=1.3039%  sizes[min/med/max]=112954/325084/1092442  (416.7s)
iter 24: obj/token=1733.7275  changed=1.1954%  sizes[min/med/max]=112961/325908/1091162  (406.2s)
iter 25: obj/token=1733.1073  changed=1.1105%  sizes[min/med/max]=113089/328064/1091142  (404.2s)
final: obj/token=1732.5089  changed=1.0450%
Saved moments.pt (4.00 GiB)
Saved model.pt + assignments.pt to runs/clustering/v11_k256_d64/
Explained variance ratio (top-64): min=0.600 median=0.679 max=0.818
Total wall time: 171.4 min
