[2026-09-14 14:45:47] === baseline sweep started ===
[2026-09-14 14:45:47] === k-means seed 0 -> runs/clustering/v13_kmeans_d0 (K=128 d=0, --files-from runs/clustering/v6_subspace_big_d64/sample.json) ===
Reusing 7000 files from runs/clustering/v6_subspace_big_d64/sample.json (--num-files ignored)
Sampling 7000 files x 12288 tokens = 86,016,000 tokens (352.3 GB fp16 in RAM) | sample fingerprint 82ca602ed7e7
  loaded 100/7000 files (20.8 files/s)
  loaded 200/7000 files (19.9 files/s)
  loaded 300/7000 files (19.0 files/s)
  loaded 400/7000 files (19.0 files/s)
  loaded 500/7000 files (18.8 files/s)
  loaded 600/7000 files (18.7 files/s)
  loaded 700/7000 files (18.6 files/s)
  loaded 800/7000 files (18.5 files/s)
  loaded 900/7000 files (18.4 files/s)
  loaded 1000/7000 files (18.5 files/s)
  loaded 1100/7000 files (18.5 files/s)
  loaded 1200/7000 files (18.4 files/s)
  loaded 1300/7000 files (18.4 files/s)
  loaded 1400/7000 files (18.5 files/s)
  loaded 1500/7000 files (18.4 files/s)
  loaded 1600/7000 files (18.4 files/s)
  loaded 1700/7000 files (18.3 files/s)
  loaded 1800/7000 files (18.3 files/s)
  loaded 1900/7000 files (18.3 files/s)
  loaded 2000/7000 files (18.3 files/s)
  loaded 2100/7000 files (18.3 files/s)
  loaded 2200/7000 files (18.3 files/s)
  loaded 2300/7000 files (18.3 files/s)
  loaded 2400/7000 files (18.3 files/s)
  loaded 2500/7000 files (18.3 files/s)
  loaded 2600/7000 files (18.3 files/s)
  loaded 2700/7000 files (18.3 files/s)
  loaded 2800/7000 files (18.3 files/s)
  loaded 2900/7000 files (18.3 files/s)
  loaded 3000/7000 files (18.3 files/s)
  loaded 3100/7000 files (18.3 files/s)
  loaded 3200/7000 files (18.3 files/s)
  loaded 3300/7000 files (18.3 files/s)
  loaded 3400/7000 files (18.3 files/s)
  loaded 3500/7000 files (18.3 files/s)
  loaded 3600/7000 files (18.3 files/s)
  loaded 3700/7000 files (18.3 files/s)
  loaded 3800/7000 files (18.3 files/s)
  loaded 3900/7000 files (18.3 files/s)
  loaded 4000/7000 files (18.4 files/s)
  loaded 4100/7000 files (18.3 files/s)
  loaded 4200/7000 files (18.3 files/s)
  loaded 4300/7000 files (18.3 files/s)
  loaded 4400/7000 files (18.3 files/s)
  loaded 4500/7000 files (18.3 files/s)
  loaded 4600/7000 files (18.3 files/s)
  loaded 4700/7000 files (18.3 files/s)
  loaded 4800/7000 files (18.2 files/s)
  loaded 4900/7000 files (18.3 files/s)
  loaded 5000/7000 files (18.2 files/s)
  loaded 5100/7000 files (18.2 files/s)
  loaded 5200/7000 files (18.3 files/s)
  loaded 5300/7000 files (18.3 files/s)
  loaded 5400/7000 files (18.2 files/s)
  loaded 5500/7000 files (18.2 files/s)
  loaded 5600/7000 files (18.2 files/s)
  loaded 5700/7000 files (18.2 files/s)
  loaded 5800/7000 files (18.2 files/s)
  loaded 5900/7000 files (18.2 files/s)
  loaded 6000/7000 files (18.2 files/s)
  loaded 6100/7000 files (18.2 files/s)
  loaded 6200/7000 files (18.2 files/s)
  loaded 6300/7000 files (18.2 files/s)
  loaded 6400/7000 files (18.2 files/s)
  loaded 6500/7000 files (18.2 files/s)
  loaded 6600/7000 files (18.2 files/s)
  loaded 6700/7000 files (18.2 files/s)
  loaded 6800/7000 files (18.2 files/s)
  loaded 6900/7000 files (18.2 files/s)
  loaded 7000/7000 files (18.2 files/s)
iter  1: obj/token=7659.1961  changed=100.0000%  sizes[min/med/max]=127/39715/23702502  (52.4s)
iter  2: obj/token=5268.3822  changed=67.6394%  sizes[min/med/max]=6236/522071/4481441  (50.6s)
iter  3: obj/token=5119.5188  changed=31.4036%  sizes[min/med/max]=6424/627942/1647676  (52.4s)
iter  4: obj/token=5082.3627  changed=17.1507%  sizes[min/med/max]=6603/628807/1375513  (58.7s)
iter  5: obj/token=5065.6288  changed=12.0872%  sizes[min/med/max]=6691/631085/1447285  (60.2s)
iter  6: obj/token=5055.9295  changed=9.3756%  sizes[min/med/max]=6720/649486/1475958  (59.9s)
iter  7: obj/token=5049.6257  changed=7.6458%  sizes[min/med/max]=6731/660253/1483301  (60.8s)
iter  8: obj/token=5045.1275  changed=6.4922%  sizes[min/med/max]=6739/664454/1477409  (62.3s)
iter  9: obj/token=5041.6978  changed=5.6597%  sizes[min/med/max]=6744/669162/1461925  (60.5s)
iter 10: obj/token=5039.0282  changed=5.0300%  sizes[min/med/max]=6752/661090/1439076  (62.1s)
iter 11: obj/token=5036.8415  changed=4.5305%  sizes[min/med/max]=6758/662210/1410882  (61.6s)
iter 12: obj/token=5035.0037  changed=4.1261%  sizes[min/med/max]=6763/660743/1379538  (62.8s)
iter 13: obj/token=5033.4423  changed=3.7790%  sizes[min/med/max]=6776/658621/1346730  (62.2s)
iter 14: obj/token=5032.1314  changed=3.4823%  sizes[min/med/max]=6780/664536/1312582  (63.6s)
iter 15: obj/token=5030.9777  changed=3.2312%  sizes[min/med/max]=6781/663912/1279100  (61.2s)
iter 16: obj/token=5029.9734  changed=3.0162%  sizes[min/med/max]=6782/662302/1283804  (59.1s)
iter 17: obj/token=5029.0872  changed=2.8306%  sizes[min/med/max]=6785/659297/1285922  (61.5s)
iter 18: obj/token=5028.2908  changed=2.6765%  sizes[min/med/max]=6792/656528/1286427  (60.7s)
iter 19: obj/token=5027.5836  changed=2.5391%  sizes[min/med/max]=6800/658317/1286632  (62.7s)
iter 20: obj/token=5026.9085  changed=2.4188%  sizes[min/med/max]=6802/652370/1285453  (62.9s)
iter 21: obj/token=5026.3031  changed=2.3112%  sizes[min/med/max]=6804/652757/1283115  (62.6s)
iter 22: obj/token=5025.7371  changed=2.2154%  sizes[min/med/max]=6807/651982/1279186  (62.5s)
iter 23: obj/token=5025.2261  changed=2.1284%  sizes[min/med/max]=6810/651422/1275041  (61.9s)
iter 24: obj/token=5024.7235  changed=2.0526%  sizes[min/med/max]=6809/654221/1270757  (62.1s)
iter 25: obj/token=5024.2816  changed=1.9879%  sizes[min/med/max]=6808/656033/1265676  (64.8s)
final: obj/token=5023.8325  changed=1.9294%
Saved model.pt + assignments.pt to runs/clustering/v13_kmeans_d0/
Explained variance ratio (top-0): min=0.000 median=0.000 max=0.000
Total wall time: 25.7 min
[2026-09-14 15:18:26]   subspace_kmeans d0 seed 0 exit=0
Report written to runs/clustering/v13_kmeans_d0/report.md (219 lines)
[2026-09-14 15:18:31]   report.md done
[2026-09-14 15:19:31] === k-means seed 1 -> runs/clustering/v14_kmeans_seed1_d0 (K=128 d=0, --files-from runs/clustering/v6_subspace_big_d64/sample.json) ===
Reusing 7000 files from runs/clustering/v6_subspace_big_d64/sample.json (--num-files ignored)
Sampling 7000 files x 12288 tokens = 86,016,000 tokens (352.3 GB fp16 in RAM) | sample fingerprint 81dd389c7786
  loaded 100/7000 files (17.8 files/s)
  loaded 200/7000 files (17.8 files/s)
  loaded 300/7000 files (18.1 files/s)
  loaded 400/7000 files (18.1 files/s)
  loaded 500/7000 files (18.2 files/s)
  loaded 600/7000 files (18.4 files/s)
  loaded 700/7000 files (18.4 files/s)
  loaded 800/7000 files (18.4 files/s)
  loaded 900/7000 files (18.5 files/s)
  loaded 1000/7000 files (18.5 files/s)
  loaded 1100/7000 files (18.5 files/s)
  loaded 1200/7000 files (18.6 files/s)
  loaded 1300/7000 files (18.6 files/s)
  loaded 1400/7000 files (18.6 files/s)
  loaded 1500/7000 files (18.6 files/s)
  loaded 1600/7000 files (18.7 files/s)
  loaded 1700/7000 files (18.7 files/s)
  loaded 1800/7000 files (18.7 files/s)
  loaded 1900/7000 files (18.7 files/s)
  loaded 2000/7000 files (18.8 files/s)
  loaded 2100/7000 files (18.8 files/s)
  loaded 2200/7000 files (18.8 files/s)
  loaded 2300/7000 files (18.8 files/s)
  loaded 2400/7000 files (18.8 files/s)
  loaded 2500/7000 files (18.9 files/s)
  loaded 2600/7000 files (18.8 files/s)
  loaded 2700/7000 files (18.8 files/s)
  loaded 2800/7000 files (18.7 files/s)
  loaded 2900/7000 files (18.7 files/s)
  loaded 3000/7000 files (18.7 files/s)
  loaded 3100/7000 files (18.7 files/s)
  loaded 3200/7000 files (18.7 files/s)
  loaded 3300/7000 files (18.7 files/s)
  loaded 3400/7000 files (18.7 files/s)
  loaded 3500/7000 files (18.7 files/s)
  loaded 3600/7000 files (18.7 files/s)
  loaded 3700/7000 files (18.7 files/s)
  loaded 3800/7000 files (18.7 files/s)
  loaded 3900/7000 files (18.7 files/s)
  loaded 4000/7000 files (18.7 files/s)
  loaded 4100/7000 files (18.7 files/s)
  loaded 4200/7000 files (18.7 files/s)
  loaded 4300/7000 files (18.7 files/s)
  loaded 4400/7000 files (18.7 files/s)
  loaded 4500/7000 files (18.7 files/s)
  loaded 4600/7000 files (18.7 files/s)
  loaded 4700/7000 files (18.7 files/s)
  loaded 4800/7000 files (18.7 files/s)
  loaded 4900/7000 files (18.7 files/s)
  loaded 5000/7000 files (18.6 files/s)
  loaded 5100/7000 files (18.6 files/s)
  loaded 5200/7000 files (18.6 files/s)
  loaded 5300/7000 files (18.6 files/s)
  loaded 5400/7000 files (18.6 files/s)
  loaded 5500/7000 files (18.6 files/s)
  loaded 5600/7000 files (18.6 files/s)
  loaded 5700/7000 files (18.6 files/s)
  loaded 5800/7000 files (18.6 files/s)
  loaded 5900/7000 files (18.6 files/s)
  loaded 6000/7000 files (18.6 files/s)
  loaded 6100/7000 files (18.6 files/s)
  loaded 6200/7000 files (18.6 files/s)
  loaded 6300/7000 files (18.6 files/s)
  loaded 6400/7000 files (18.6 files/s)
  loaded 6500/7000 files (18.6 files/s)
  loaded 6600/7000 files (18.6 files/s)
  loaded 6700/7000 files (18.6 files/s)
  loaded 6800/7000 files (18.6 files/s)
  loaded 6900/7000 files (18.6 files/s)
  loaded 7000/7000 files (18.6 files/s)
iter  1: obj/token=7606.3786  changed=100.0000%  sizes[min/med/max]=109/18278/26015684  (61.3s)
iter  2: obj/token=5283.7970  changed=67.5875%  sizes[min/med/max]=9837/413724/5439820  (52.2s)
iter  3: obj/token=5121.9258  changed=32.7723%  sizes[min/med/max]=35536/598173/2019804  (55.5s)
iter  4: obj/token=5081.4499  changed=17.6478%  sizes[min/med/max]=104363/620161/1483253  (67.1s)
iter  5: obj/token=5064.1871  changed=12.3509%  sizes[min/med/max]=155829/627403/1397484  (65.8s)
iter  6: obj/token=5054.3286  changed=9.5771%  sizes[min/med/max]=167856/623117/1376794  (63.0s)
iter  7: obj/token=5047.8873  changed=7.7922%  sizes[min/med/max]=175206/633553/1337973  (66.8s)
iter  8: obj/token=5043.2923  changed=6.5952%  sizes[min/med/max]=179700/636989/1299693  (61.4s)
iter  9: obj/token=5039.6891  changed=5.8243%  sizes[min/med/max]=182938/638339/1266827  (69.0s)
iter 10: obj/token=5036.6591  changed=5.2911%  sizes[min/med/max]=185451/638273/1238634  (72.6s)
iter 11: obj/token=5034.0285  changed=4.8445%  sizes[min/med/max]=187257/641867/1226987  (74.5s)
iter 12: obj/token=5031.7751  changed=4.4200%  sizes[min/med/max]=189013/632016/1239039  (70.0s)
iter 13: obj/token=5029.9126  changed=4.0174%  sizes[min/med/max]=190639/637008/1245454  (62.9s)
iter 14: obj/token=5028.3447  changed=3.6537%  sizes[min/med/max]=192151/639679/1246167  (76.5s)
iter 15: obj/token=5027.0152  changed=3.3231%  sizes[min/med/max]=193906/640923/1243695  (64.0s)
iter 16: obj/token=5025.9124  changed=3.0297%  sizes[min/med/max]=195539/641958/1237538  (65.4s)
iter 17: obj/token=5024.9574  changed=2.7577%  sizes[min/med/max]=197169/641345/1233593  (67.9s)
iter 18: obj/token=5024.1812  changed=2.4992%  sizes[min/med/max]=199147/641350/1239043  (70.3s)
iter 19: obj/token=5023.5791  changed=2.2724%  sizes[min/med/max]=201127/642817/1245069  (68.8s)
iter 20: obj/token=5023.1007  changed=2.0831%  sizes[min/med/max]=203194/642926/1250154  (67.8s)
iter 21: obj/token=5022.6804  changed=1.9303%  sizes[min/med/max]=205068/643692/1254961  (72.8s)
iter 22: obj/token=5022.3008  changed=1.8053%  sizes[min/med/max]=206868/642913/1259482  (69.9s)
iter 23: obj/token=5021.9742  changed=1.7067%  sizes[min/med/max]=208595/644532/1263976  (69.4s)
iter 24: obj/token=5021.6534  changed=1.6254%  sizes[min/med/max]=210244/642499/1267716  (69.4s)
iter 25: obj/token=5021.3779  changed=1.5579%  sizes[min/med/max]=211705/643074/1270418  (69.6s)
final: obj/token=5021.1087  changed=1.5070%
Saved model.pt + assignments.pt to runs/clustering/v14_kmeans_seed1_d0/
Explained variance ratio (top-0): min=0.000 median=0.000 max=0.000
Total wall time: 28.4 min
[2026-09-14 15:54:39]   subspace_kmeans d0 seed 1 exit=0
Report written to runs/clustering/v14_kmeans_seed1_d0/report.md (219 lines)
[2026-09-14 15:54:43]   report.md done
[2026-09-14 15:55:43] === k-means seed 2 -> runs/clustering/v15_kmeans_seed2_d0 (K=128 d=0, --files-from runs/clustering/v6_subspace_big_d64/sample.json) ===
Reusing 7000 files from runs/clustering/v6_subspace_big_d64/sample.json (--num-files ignored)
Sampling 7000 files x 12288 tokens = 86,016,000 tokens (352.3 GB fp16 in RAM) | sample fingerprint aa5126ce3e0d
  loaded 100/7000 files (17.8 files/s)
  loaded 200/7000 files (17.9 files/s)
  loaded 300/7000 files (18.2 files/s)
  loaded 400/7000 files (18.5 files/s)
  loaded 500/7000 files (18.6 files/s)
  loaded 600/7000 files (18.5 files/s)
  loaded 700/7000 files (18.5 files/s)
  loaded 800/7000 files (18.7 files/s)
  loaded 900/7000 files (18.8 files/s)
  loaded 1000/7000 files (18.9 files/s)
  loaded 1100/7000 files (18.9 files/s)
  loaded 1200/7000 files (19.0 files/s)
  loaded 1300/7000 files (19.0 files/s)
  loaded 1400/7000 files (19.0 files/s)
  loaded 1500/7000 files (19.1 files/s)
  loaded 1600/7000 files (19.1 files/s)
  loaded 1700/7000 files (19.1 files/s)
  loaded 1800/7000 files (19.1 files/s)
  loaded 1900/7000 files (19.1 files/s)
  loaded 2000/7000 files (19.1 files/s)
  loaded 2100/7000 files (19.2 files/s)
  loaded 2200/7000 files (19.2 files/s)
  loaded 2300/7000 files (19.2 files/s)
  loaded 2400/7000 files (19.2 files/s)
  loaded 2500/7000 files (19.2 files/s)
  loaded 2600/7000 files (19.2 files/s)
  loaded 2700/7000 files (19.2 files/s)
  loaded 2800/7000 files (19.1 files/s)
  loaded 2900/7000 files (19.1 files/s)
  loaded 3000/7000 files (19.1 files/s)
  loaded 3100/7000 files (19.0 files/s)
  loaded 3200/7000 files (19.0 files/s)
  loaded 3300/7000 files (18.9 files/s)
  loaded 3400/7000 files (18.9 files/s)
  loaded 3500/7000 files (18.9 files/s)
  loaded 3600/7000 files (18.9 files/s)
  loaded 3700/7000 files (18.8 files/s)
  loaded 3800/7000 files (18.8 files/s)
  loaded 3900/7000 files (18.8 files/s)
  loaded 4000/7000 files (18.8 files/s)
  loaded 4100/7000 files (18.8 files/s)
  loaded 4200/7000 files (18.8 files/s)
  loaded 4300/7000 files (18.8 files/s)
  loaded 4400/7000 files (18.8 files/s)
  loaded 4500/7000 files (18.8 files/s)
  loaded 4600/7000 files (18.7 files/s)
  loaded 4700/7000 files (18.7 files/s)
  loaded 4800/7000 files (18.7 files/s)
  loaded 4900/7000 files (18.7 files/s)
  loaded 5000/7000 files (18.7 files/s)
  loaded 5100/7000 files (18.7 files/s)
  loaded 5200/7000 files (18.7 files/s)
  loaded 5300/7000 files (18.7 files/s)
  loaded 5400/7000 files (18.7 files/s)
  loaded 5500/7000 files (18.7 files/s)
  loaded 5600/7000 files (18.7 files/s)
  loaded 5700/7000 files (18.7 files/s)
  loaded 5800/7000 files (18.7 files/s)
  loaded 5900/7000 files (18.7 files/s)
  loaded 6000/7000 files (18.7 files/s)
  loaded 6100/7000 files (18.7 files/s)
  loaded 6200/7000 files (18.7 files/s)
  loaded 6300/7000 files (18.7 files/s)
  loaded 6400/7000 files (18.7 files/s)
  loaded 6500/7000 files (18.7 files/s)
  loaded 6600/7000 files (18.7 files/s)
  loaded 6700/7000 files (18.6 files/s)
  loaded 6800/7000 files (18.6 files/s)
  loaded 6900/7000 files (18.6 files/s)
  loaded 7000/7000 files (18.7 files/s)
iter  1: obj/token=7414.8633  changed=100.0000%  sizes[min/med/max]=301/12412/35852088  (45.9s)
iter  2: obj/token=5317.4953  changed=69.2793%  sizes[min/med/max]=39492/372981/7056556  (49.7s)
iter  3: obj/token=5125.8219  changed=35.8778%  sizes[min/med/max]=80350/552164/2188676  (68.4s)
iter  4: obj/token=5079.5152  changed=18.6287%  sizes[min/med/max]=117016/611344/1611900  (78.0s)
iter  5: obj/token=5060.8778  changed=12.4482%  sizes[min/med/max]=144358/633274/1514985  (65.0s)
iter  6: obj/token=5051.2014  changed=9.2992%  sizes[min/med/max]=162045/635285/1421146  (91.0s)
iter  7: obj/token=5045.0990  changed=7.5578%  sizes[min/med/max]=173659/628659/1346074  (65.6s)
iter  8: obj/token=5040.7138  changed=6.4159%  sizes[min/med/max]=182287/635921/1288605  (68.3s)
iter  9: obj/token=5037.4011  changed=5.5389%  sizes[min/med/max]=189431/641768/1245266  (76.0s)
iter 10: obj/token=5034.9127  changed=4.8192%  sizes[min/med/max]=195876/647522/1220757  (79.2s)
iter 11: obj/token=5032.9791  changed=4.2477%  sizes[min/med/max]=201305/644947/1223661  (67.1s)
iter 12: obj/token=5031.4201  changed=3.7999%  sizes[min/med/max]=206723/642031/1229093  (62.7s)
iter 13: obj/token=5030.1513  changed=3.4459%  sizes[min/med/max]=210470/643147/1234021  (72.8s)
iter 14: obj/token=5029.0627  changed=3.1631%  sizes[min/med/max]=210275/644763/1237730  (82.7s)
iter 15: obj/token=5028.1348  changed=2.9351%  sizes[min/med/max]=209866/649686/1239712  (77.1s)
iter 16: obj/token=5027.3063  changed=2.7484%  sizes[min/med/max]=209089/653488/1241396  (68.5s)
iter 17: obj/token=5026.6094  changed=2.5864%  sizes[min/med/max]=208322/653605/1242946  (79.1s)
iter 18: obj/token=5025.9291  changed=2.4442%  sizes[min/med/max]=207577/653101/1244934  (85.6s)
iter 19: obj/token=5025.3464  changed=2.3189%  sizes[min/med/max]=206843/652162/1247141  (67.2s)
iter 20: obj/token=5024.8091  changed=2.2060%  sizes[min/med/max]=206159/652857/1247913  (82.8s)
iter 21: obj/token=5024.3428  changed=2.1053%  sizes[min/med/max]=205501/653021/1249378  (72.4s)
iter 22: obj/token=5023.8866  changed=2.0161%  sizes[min/med/max]=204926/653265/1249969  (75.7s)
iter 23: obj/token=5023.4664  changed=1.9358%  sizes[min/med/max]=204411/655583/1249306  (78.2s)
iter 24: obj/token=5023.0737  changed=1.8631%  sizes[min/med/max]=204132/656383/1249167  (82.6s)
iter 25: obj/token=5022.7163  changed=1.7970%  sizes[min/med/max]=204001/655260/1248550  (72.3s)
final: obj/token=5022.3752  changed=1.7395%
Saved model.pt + assignments.pt to runs/clustering/v15_kmeans_seed2_d0/
Explained variance ratio (top-0): min=0.000 median=0.000 max=0.000
Total wall time: 30.9 min
[2026-09-14 16:33:20]   subspace_kmeans d0 seed 2 exit=0
Report written to runs/clustering/v15_kmeans_seed2_d0/report.md (219 lines)
[2026-09-14 16:33:25]   report.md done
[2026-09-14 16:34:25] === k-center -> runs/clustering/v16_kcenter_seed{0,1,2} (K=128, --files-from runs/clustering/v6_subspace_big_d64/sample.json) ===
Reusing 7000 files from runs/clustering/v6_subspace_big_d64/sample.json (--num-files ignored)
Sampling 7000 files x 12288 tokens = 86,016,000 tokens (352.3 GB fp16 in RAM) | sample fingerprint 82ca602ed7e7
  loaded 100/7000 files (17.5 files/s)
  loaded 200/7000 files (17.7 files/s)
  loaded 300/7000 files (17.8 files/s)
  loaded 400/7000 files (18.1 files/s)
  loaded 500/7000 files (18.0 files/s)
  loaded 600/7000 files (18.1 files/s)
  loaded 700/7000 files (18.1 files/s)
  loaded 800/7000 files (18.1 files/s)
  loaded 900/7000 files (18.2 files/s)
  loaded 1000/7000 files (18.2 files/s)
  loaded 1100/7000 files (18.3 files/s)
  loaded 1200/7000 files (18.4 files/s)
  loaded 1300/7000 files (18.4 files/s)
  loaded 1400/7000 files (18.4 files/s)
  loaded 1500/7000 files (18.5 files/s)
  loaded 1600/7000 files (18.5 files/s)
  loaded 1700/7000 files (18.6 files/s)
  loaded 1800/7000 files (18.6 files/s)
  loaded 1900/7000 files (18.6 files/s)
  loaded 2000/7000 files (18.7 files/s)
  loaded 2100/7000 files (18.7 files/s)
  loaded 2200/7000 files (18.8 files/s)
  loaded 2300/7000 files (18.8 files/s)
  loaded 2400/7000 files (18.8 files/s)
  loaded 2500/7000 files (18.8 files/s)
  loaded 2600/7000 files (18.8 files/s)
  loaded 2700/7000 files (18.7 files/s)
  loaded 2800/7000 files (18.7 files/s)
  loaded 2900/7000 files (18.7 files/s)
  loaded 3000/7000 files (18.6 files/s)
  loaded 3100/7000 files (18.6 files/s)
  loaded 3200/7000 files (18.5 files/s)
  loaded 3300/7000 files (18.5 files/s)
  loaded 3400/7000 files (18.5 files/s)
  loaded 3500/7000 files (18.5 files/s)
  loaded 3600/7000 files (18.5 files/s)
  loaded 3700/7000 files (18.5 files/s)
  loaded 3800/7000 files (18.5 files/s)
  loaded 3900/7000 files (18.5 files/s)
  loaded 4000/7000 files (18.5 files/s)
  loaded 4100/7000 files (18.5 files/s)
  loaded 4200/7000 files (18.5 files/s)
  loaded 4300/7000 files (18.5 files/s)
  loaded 4400/7000 files (18.5 files/s)
  loaded 4500/7000 files (18.4 files/s)
  loaded 4600/7000 files (18.4 files/s)
  loaded 4700/7000 files (18.4 files/s)
  loaded 4800/7000 files (18.4 files/s)
  loaded 4900/7000 files (18.4 files/s)
  loaded 5000/7000 files (18.4 files/s)
  loaded 5100/7000 files (18.4 files/s)
  loaded 5200/7000 files (18.5 files/s)
  loaded 5300/7000 files (18.5 files/s)
  loaded 5400/7000 files (18.5 files/s)
  loaded 5500/7000 files (18.4 files/s)
  loaded 5600/7000 files (18.4 files/s)
  loaded 5700/7000 files (18.4 files/s)
  loaded 5800/7000 files (18.4 files/s)
  loaded 5900/7000 files (18.4 files/s)
  loaded 6000/7000 files (18.4 files/s)
  loaded 6100/7000 files (18.4 files/s)
  loaded 6200/7000 files (18.4 files/s)
  loaded 6300/7000 files (18.4 files/s)
  loaded 6400/7000 files (18.4 files/s)
  loaded 6500/7000 files (18.4 files/s)
  loaded 6600/7000 files (18.4 files/s)
  loaded 6700/7000 files (18.4 files/s)
  loaded 6800/7000 files (18.4 files/s)
  loaded 6900/7000 files (18.4 files/s)
  loaded 7000/7000 files (18.4 files/s)
Selection subsample: 8,000,000/86,016,000 tokens (30.5 GiB on cuda:0)
seed 0: selected 128 centers in 7.9s (subsample radius 140.0)
seed 0: obj/token=12498.8928  minimax radius=146.8  sizes[min/med/max]=1190/25463/76218426  (124.8s total)
Saved model.pt + assignments.pt to runs/clustering/v16_kcenter_seed0/
seed 1: selected 128 centers in 7.4s (subsample radius 136.7)
seed 1: obj/token=9744.2095  minimax radius=146.4  sizes[min/med/max]=196/3593/84949015  (149.2s total)
Saved model.pt + assignments.pt to runs/clustering/v16_kcenter_seed1/
seed 2: selected 128 centers in 7.4s (subsample radius 140.5)
seed 2: obj/token=13723.1128  minimax radius=147.5  sizes[min/med/max]=1244/49344/57382242  (111.7s total)
Saved model.pt + assignments.pt to runs/clustering/v16_kcenter_seed2/
[2026-09-14 16:47:49]   kcenter exit=0
Report written to runs/clustering/v16_kcenter_seed0/report.md (192 lines)
[2026-09-14 16:47:54]   kcenter seed0 report.md done
Report written to runs/clustering/v16_kcenter_seed1/report.md (192 lines)
[2026-09-14 16:47:58]   kcenter seed1 report.md done
Report written to runs/clustering/v16_kcenter_seed2/report.md (192 lines)
[2026-09-14 16:48:03]   kcenter seed2 report.md done
[2026-09-14 16:48:03] === baseline sweep COMPLETE ===
