Reusing 7000 files from runs/clustering/v14_kmeans_seed1_d0/sample.json (--num-files ignored)
Sampling 7000 files x 12288 tokens = 86,016,000 tokens (352.3 GB fp16 in RAM) | sample fingerprint 81dd389c7786
  loaded 100/7000 files (16.7 files/s)
  loaded 200/7000 files (16.8 files/s)
  loaded 300/7000 files (17.3 files/s)
  loaded 400/7000 files (17.3 files/s)
  loaded 500/7000 files (17.5 files/s)
  loaded 600/7000 files (17.6 files/s)
  loaded 700/7000 files (17.6 files/s)
  loaded 800/7000 files (17.7 files/s)
  loaded 900/7000 files (17.7 files/s)
  loaded 1000/7000 files (17.8 files/s)
  loaded 1100/7000 files (17.9 files/s)
  loaded 1200/7000 files (17.9 files/s)
  loaded 1300/7000 files (18.0 files/s)
  loaded 1400/7000 files (18.1 files/s)
  loaded 1500/7000 files (18.1 files/s)
  loaded 1600/7000 files (18.2 files/s)
  loaded 1700/7000 files (18.2 files/s)
  loaded 1800/7000 files (18.3 files/s)
  loaded 1900/7000 files (18.3 files/s)
  loaded 2000/7000 files (18.4 files/s)
  loaded 2100/7000 files (18.4 files/s)
  loaded 2200/7000 files (18.5 files/s)
  loaded 2300/7000 files (18.5 files/s)
  loaded 2400/7000 files (18.5 files/s)
  loaded 2500/7000 files (18.6 files/s)
  loaded 2600/7000 files (18.6 files/s)
  loaded 2700/7000 files (18.6 files/s)
  loaded 2800/7000 files (18.6 files/s)
  loaded 2900/7000 files (18.5 files/s)
  loaded 3000/7000 files (18.5 files/s)
  loaded 3100/7000 files (18.5 files/s)
  loaded 3200/7000 files (18.5 files/s)
  loaded 3300/7000 files (18.4 files/s)
  loaded 3400/7000 files (18.4 files/s)
  loaded 3500/7000 files (18.4 files/s)
  loaded 3600/7000 files (18.4 files/s)
  loaded 3700/7000 files (18.4 files/s)
  loaded 3800/7000 files (18.3 files/s)
  loaded 3900/7000 files (18.3 files/s)
  loaded 4000/7000 files (18.3 files/s)
  loaded 4100/7000 files (18.3 files/s)
  loaded 4200/7000 files (18.3 files/s)
  loaded 4300/7000 files (18.4 files/s)
  loaded 4400/7000 files (18.4 files/s)
  loaded 4500/7000 files (18.4 files/s)
  loaded 4600/7000 files (18.4 files/s)
  loaded 4700/7000 files (18.4 files/s)
  loaded 4800/7000 files (18.4 files/s)
  loaded 4900/7000 files (18.4 files/s)
  loaded 5000/7000 files (18.4 files/s)
  loaded 5100/7000 files (18.4 files/s)
  loaded 5200/7000 files (18.4 files/s)
  loaded 5300/7000 files (18.4 files/s)
  loaded 5400/7000 files (18.4 files/s)
  loaded 5500/7000 files (18.4 files/s)
  loaded 5600/7000 files (18.4 files/s)
  loaded 5700/7000 files (18.3 files/s)
  loaded 5800/7000 files (18.3 files/s)
  loaded 5900/7000 files (18.3 files/s)
  loaded 6000/7000 files (18.3 files/s)
  loaded 6100/7000 files (18.4 files/s)
  loaded 6200/7000 files (18.4 files/s)
  loaded 6300/7000 files (18.4 files/s)
  loaded 6400/7000 files (18.4 files/s)
  loaded 6500/7000 files (18.3 files/s)
  loaded 6600/7000 files (18.4 files/s)
  loaded 6700/7000 files (18.4 files/s)
  loaded 6800/7000 files (18.4 files/s)
  loaded 6900/7000 files (18.3 files/s)
  loaded 7000/7000 files (18.3 files/s)
  moments 0/86,016,000 tokens (1s)
  moments 10,485,760/86,016,000 tokens (21s)
  moments 20,971,520/86,016,000 tokens (39s)
  moments 31,457,280/86,016,000 tokens (58s)
  moments 41,943,040/86,016,000 tokens (76s)
  moments 52,428,800/86,016,000 tokens (93s)
  moments 62,914,560/86,016,000 tokens (111s)
  moments 73,400,320/86,016,000 tokens (129s)
  moments 83,886,080/86,016,000 tokens (147s)
partition: runs/clustering/v14_kmeans_seed1_d0  (method=subspace_kmeans, K=128)
d=0 residual/token   : 5020.81  (run's final_obj_per_token 5021.11, rel diff 5.9e-05)
post-hoc d=64 residual/token: 2270.22
total variance/token : 5998.29  (residual fractions: d=0 83.7%, d=64 37.8%)
Wrote runs/clustering/v14_kmeans_seed1_d0/posthoc_subspace.json (156s)
