Model: runs/clustering/v12_k256to128_d64  K=128 d=64 affine=True  fp=82ca602ed7e7
  model final_obj_per_token = 1877.04 (full-pass mean must match)
Assigning 13,021 files (0..13020); max id 13020
  writing per-cell maps: residual_map.npy [13021,12288] float32 (0.60 GiB) + label_map.npy int16
  batch 1/27: 500/13021 files (10.3 files/s, 0.8 min, ETA 20.2 min)
  batch 2/27: 1000/13021 files (11.7 files/s, 1.4 min, ETA 17.1 min)
  batch 3/27: 1500/13021 files (12.4 files/s, 2.0 min, ETA 15.5 min)
  batch 4/27: 2000/13021 files (12.8 files/s, 2.6 min, ETA 14.4 min)
  batch 5/27: 2500/13021 files (12.4 files/s, 3.4 min, ETA 14.1 min)
  batch 6/27: 3000/13021 files (12.7 files/s, 3.9 min, ETA 13.2 min)
  batch 7/27: 3500/13021 files (12.4 files/s, 4.7 min, ETA 12.8 min)
  batch 8/27: 4000/13021 files (12.6 files/s, 5.3 min, ETA 11.9 min)
  batch 9/27: 4500/13021 files (12.4 files/s, 6.0 min, ETA 11.4 min)
  batch 10/27: 5000/13021 files (12.5 files/s, 6.7 min, ETA 10.7 min)
  batch 11/27: 5500/13021 files (12.6 files/s, 7.3 min, ETA 10.0 min)
  batch 12/27: 6000/13021 files (12.6 files/s, 7.9 min, ETA 9.3 min)
  batch 13/27: 6500/13021 files (12.7 files/s, 8.6 min, ETA 8.6 min)
  batch 14/27: 7000/13021 files (12.7 files/s, 9.2 min, ETA 7.9 min)
  batch 15/27: 7500/13021 files (12.7 files/s, 9.9 min, ETA 7.3 min)
  batch 16/27: 8000/13021 files (12.7 files/s, 10.5 min, ETA 6.6 min)
  batch 17/27: 8500/13021 files (12.7 files/s, 11.2 min, ETA 5.9 min)
  batch 18/27: 9000/13021 files (12.7 files/s, 11.8 min, ETA 5.3 min)
  batch 19/27: 9500/13021 files (12.7 files/s, 12.4 min, ETA 4.6 min)
  batch 20/27: 10000/13021 files (12.6 files/s, 13.2 min, ETA 4.0 min)
  batch 21/27: 10500/13021 files (12.6 files/s, 13.9 min, ETA 3.3 min)
  batch 22/27: 11000/13021 files (12.6 files/s, 14.6 min, ETA 2.7 min)
  batch 23/27: 11500/13021 files (12.6 files/s, 15.3 min, ETA 2.0 min)
  batch 24/27: 12000/13021 files (12.6 files/s, 15.9 min, ETA 1.4 min)
  batch 25/27: 12500/13021 files (12.6 files/s, 16.6 min, ETA 0.7 min)
  batch 26/27: 13000/13021 files (12.6 files/s, 17.2 min, ETA 0.0 min)
  batch 27/27: 13021/13021 files (12.6 files/s, 17.3 min, ETA 0.0 min)

================ Per-file signatures done ================
  files assigned            : 13,021
  mean mean_residual        : 1877.22  (model obj 1877.04)
  mean residual_frac        : 31.3%  (report in/held-out 31.5%)
  residual_frac range       : 30.1% .. 32.5%
  rare clusters (bottom ¼)  : 32 of 128
  near-tie tokens (margin<10%): 28.0% (earlier independent estimate ~31%)
  least-separated cluster   : 79  near_frac=64.6%  runner-up=35 (22.3%)
  most anomalous file       : 6063  dt=2018-02-24T18  resid_frac=32.5%
  wall time                 : 17.3 min
  wrote                     : runs/signatures/v12_k256to128_d64/{signatures.npz,file_summary.csv,cluster_mix.csv,manifest.json,report.md}
