[14:54:51] waiting for fit pid 51000 to exit ...
[16:51:51] fit process gone
[16:51:51] parent outputs present
131M runs/clustering/v11_k256_d64/model.pt
4,1G runs/clustering/v11_k256_d64/moments.pt
[16:51:51] waiting for RAM release ...
[16:51:51] available RAM: 487 GB
[16:51:51] === merge 256 -> 128 (full dendrogram for the cost knee) ===
Loaded runs/clustering/v11_k256_d64: K=256 d=64 tokens=86,016,000 method=subspace_kmeans
  moments.pt: S (256, 2048, 2048) (4.00 GiB on cuda:0)
  objective check: from moments 1732.1397 vs reported 1732.5089 (-2.13e-04, refit to final labels)
Cascade (residual criterion, exact dR) ...
  scored 32,640 initial pairs in 459.0s
    224 clusters left (568s)
    192 clusters left (663s)
    160 clusters left (744s)
    128 clusters left (810s)
    96 clusters left (862s)
    64 clusters left (899s)
    32 clusters left (922s)
  cascade 256 -> 2 in 930.7s
Cut after 128 merges: K 256 -> 128  (cumulative objective cost +9.9523%; 0 cascade inversions)
  --target-k took precedence; the budgets alone would have cut after 4 merges (K -> 252)
  moments.pt: S (256, 2048, 2048) (4.00 GiB on cuda:0)
Merged model (exact, pre-refit) obj/token=1904.5282 vs parent 1732.1397 (+9.9523%)
Reusing 7000 files from runs/clustering/v11_k256_d64/sample.json (--num-files ignored)
Sampling 7000 files x 12288 tokens = 86,016,000 tokens (352.3 GB fp16 in RAM) | sample fingerprint 82ca602ed7e7
  loaded 100/7000 files (19.6 files/s)
  loaded 200/7000 files (18.5 files/s)
  loaded 300/7000 files (18.7 files/s)
  loaded 400/7000 files (18.6 files/s)
  loaded 500/7000 files (18.5 files/s)
  loaded 600/7000 files (18.4 files/s)
  loaded 700/7000 files (18.4 files/s)
  loaded 800/7000 files (18.4 files/s)
  loaded 900/7000 files (18.4 files/s)
  loaded 1000/7000 files (18.4 files/s)
  loaded 1100/7000 files (18.5 files/s)
  loaded 1200/7000 files (18.5 files/s)
  loaded 1300/7000 files (18.5 files/s)
  loaded 1400/7000 files (18.6 files/s)
  loaded 1500/7000 files (18.6 files/s)
  loaded 1600/7000 files (18.6 files/s)
  loaded 1700/7000 files (18.7 files/s)
  loaded 1800/7000 files (18.7 files/s)
  loaded 1900/7000 files (18.7 files/s)
  loaded 2000/7000 files (18.8 files/s)
  loaded 2100/7000 files (18.8 files/s)
  loaded 2200/7000 files (18.8 files/s)
  loaded 2300/7000 files (18.7 files/s)
  loaded 2400/7000 files (18.8 files/s)
  loaded 2500/7000 files (18.8 files/s)
  loaded 2600/7000 files (18.7 files/s)
  loaded 2700/7000 files (18.6 files/s)
  loaded 2800/7000 files (18.6 files/s)
  loaded 2900/7000 files (18.5 files/s)
  loaded 3000/7000 files (18.5 files/s)
  loaded 3100/7000 files (18.4 files/s)
  loaded 3200/7000 files (18.3 files/s)
  loaded 3300/7000 files (18.3 files/s)
  loaded 3400/7000 files (18.3 files/s)
  loaded 3500/7000 files (18.4 files/s)
  loaded 3600/7000 files (18.4 files/s)
  loaded 3700/7000 files (18.4 files/s)
  loaded 3800/7000 files (18.3 files/s)
  loaded 3900/7000 files (18.3 files/s)
  loaded 4000/7000 files (18.3 files/s)
  loaded 4100/7000 files (18.3 files/s)
  loaded 4200/7000 files (18.3 files/s)
  loaded 4300/7000 files (18.3 files/s)
  loaded 4400/7000 files (18.3 files/s)
  loaded 4500/7000 files (18.3 files/s)
  loaded 4600/7000 files (18.3 files/s)
  loaded 4700/7000 files (18.3 files/s)
  loaded 4800/7000 files (18.3 files/s)
  loaded 4900/7000 files (18.3 files/s)
  loaded 5000/7000 files (18.3 files/s)
  loaded 5100/7000 files (18.3 files/s)
  loaded 5200/7000 files (18.3 files/s)
  loaded 5300/7000 files (18.3 files/s)
  loaded 5400/7000 files (18.3 files/s)
  loaded 5500/7000 files (18.2 files/s)
  loaded 5600/7000 files (18.2 files/s)
  loaded 5700/7000 files (18.2 files/s)
  loaded 5800/7000 files (18.2 files/s)
  loaded 5900/7000 files (18.2 files/s)
  loaded 6000/7000 files (18.2 files/s)
  loaded 6100/7000 files (18.2 files/s)
  loaded 6200/7000 files (18.2 files/s)
  loaded 6300/7000 files (18.2 files/s)
  loaded 6400/7000 files (18.2 files/s)
  loaded 6500/7000 files (18.2 files/s)
  loaded 6600/7000 files (18.2 files/s)
  loaded 6700/7000 files (18.2 files/s)
  loaded 6800/7000 files (18.1 files/s)
  loaded 6900/7000 files (18.2 files/s)
  loaded 7000/7000 files (18.2 files/s)
refit  1: obj/token=1889.4829  changed=100.0000%  sizes[min/med/max]=229849/611032/1651626  (147.8s)
refit  2: obj/token=1882.6643  changed=4.1606%  sizes[min/med/max]=224423/621513/1589676  (214.0s)
refit  3: obj/token=1879.2262  changed=2.9329%  sizes[min/med/max]=219032/622759/1544413  (214.5s)
final: obj/token=1877.0377  changed=2.2745%
Saved model.pt + assignments.pt to runs/clustering/v12_k256to128_d64/  (K=128)
Explained variance ratio (top-64): min=0.593 median=0.658 max=0.801
Cluster sizes: min=214,343 median=622,035 max=1,508,278
final_obj_per_token=1877.0377 (parent 1732.1397, +8.3653%)
[17:27:30] === report ===
Report written to runs/clustering/v12_k256to128_d64/report.md (226 lines)
[17:28:58] === DONE: v12 complete ===
