[2026-09-19 14:07:36] === v16 k-center RE-RUN (float64 SSE accumulator, tf32 off) ===
Reusing 7000 files from runs/clustering/v6_subspace_big_d64/sample.json (--num-files ignored)
Sampling 7000 files x 12288 tokens = 86,016,000 tokens (352.3 GB fp16 in RAM) | sample fingerprint 82ca602ed7e7
  loaded 100/7000 files (19.3 files/s)
  loaded 200/7000 files (19.3 files/s)
  loaded 300/7000 files (19.6 files/s)
  loaded 400/7000 files (19.7 files/s)
  loaded 500/7000 files (19.6 files/s)
  loaded 600/7000 files (19.7 files/s)
  loaded 700/7000 files (19.6 files/s)
  loaded 800/7000 files (19.7 files/s)
  loaded 900/7000 files (19.8 files/s)
  loaded 1000/7000 files (19.7 files/s)
  loaded 1100/7000 files (19.7 files/s)
  loaded 1200/7000 files (19.8 files/s)
  loaded 1300/7000 files (19.7 files/s)
  loaded 1400/7000 files (19.7 files/s)
  loaded 1500/7000 files (19.8 files/s)
  loaded 1600/7000 files (19.8 files/s)
  loaded 1700/7000 files (19.8 files/s)
  loaded 1800/7000 files (19.7 files/s)
  loaded 1900/7000 files (19.7 files/s)
  loaded 2000/7000 files (19.8 files/s)
  loaded 2100/7000 files (19.8 files/s)
  loaded 2200/7000 files (19.7 files/s)
  loaded 2300/7000 files (19.7 files/s)
  loaded 2400/7000 files (19.7 files/s)
  loaded 2500/7000 files (19.7 files/s)
  loaded 2600/7000 files (19.7 files/s)
  loaded 2700/7000 files (19.7 files/s)
  loaded 2800/7000 files (19.6 files/s)
  loaded 2900/7000 files (19.6 files/s)
  loaded 3000/7000 files (19.6 files/s)
  loaded 3100/7000 files (19.5 files/s)
  loaded 3200/7000 files (19.5 files/s)
  loaded 3300/7000 files (19.5 files/s)
  loaded 3400/7000 files (19.5 files/s)
  loaded 3500/7000 files (19.5 files/s)
  loaded 3600/7000 files (19.5 files/s)
  loaded 3700/7000 files (19.5 files/s)
  loaded 3800/7000 files (19.5 files/s)
  loaded 3900/7000 files (19.5 files/s)
  loaded 4000/7000 files (19.4 files/s)
  loaded 4100/7000 files (19.4 files/s)
  loaded 4200/7000 files (19.4 files/s)
  loaded 4300/7000 files (19.4 files/s)
  loaded 4400/7000 files (19.4 files/s)
  loaded 4500/7000 files (19.4 files/s)
  loaded 4600/7000 files (19.4 files/s)
  loaded 4700/7000 files (19.4 files/s)
  loaded 4800/7000 files (19.3 files/s)
  loaded 4900/7000 files (19.3 files/s)
  loaded 5000/7000 files (19.3 files/s)
  loaded 5100/7000 files (19.3 files/s)
  loaded 5200/7000 files (19.3 files/s)
  loaded 5300/7000 files (19.2 files/s)
  loaded 5400/7000 files (19.2 files/s)
  loaded 5500/7000 files (19.2 files/s)
  loaded 5600/7000 files (19.2 files/s)
  loaded 5700/7000 files (19.2 files/s)
  loaded 5800/7000 files (19.2 files/s)
  loaded 5900/7000 files (19.2 files/s)
  loaded 6000/7000 files (19.2 files/s)
  loaded 6100/7000 files (19.1 files/s)
  loaded 6200/7000 files (19.1 files/s)
  loaded 6300/7000 files (19.1 files/s)
  loaded 6400/7000 files (19.1 files/s)
  loaded 6500/7000 files (19.1 files/s)
  loaded 6600/7000 files (19.1 files/s)
  loaded 6700/7000 files (19.1 files/s)
  loaded 6800/7000 files (19.0 files/s)
  loaded 6900/7000 files (19.0 files/s)
  loaded 7000/7000 files (19.0 files/s)
Selection subsample: 8,000,000/86,016,000 tokens (30.5 GiB on cuda:0)
seed 0: selected 128 centers in 8.0s (subsample radius 140.0)
seed 0: obj/token=12498.8863  minimax radius=146.8  sizes[min/med/max]=1190/25463/76218162  (55.4s total)
Saved model.pt + assignments.pt to runs/clustering/v16_kcenter_seed0/
seed 1: selected 128 centers in 7.4s (subsample radius 136.7)
seed 1: obj/token=9744.2078  minimax radius=146.4  sizes[min/med/max]=196/3593/84948951  (54.6s total)
Saved model.pt + assignments.pt to runs/clustering/v16_kcenter_seed1/
seed 2: selected 128 centers in 7.4s (subsample radius 140.5)
seed 2: obj/token=13723.1011  minimax radius=147.5  sizes[min/med/max]=1245/49346/57381816  (63.8s total)
Saved model.pt + assignments.pt to runs/clustering/v16_kcenter_seed2/
[2026-09-19 14:17:09]   kcenter exit=0
Report written to runs/clustering/v16_kcenter_seed0/report.md (188 lines)
[2026-09-19 14:17:13]   seed0 report.md done
Report written to runs/clustering/v16_kcenter_seed1/report.md (188 lines)
[2026-09-19 14:17:17]   seed1 report.md done
Report written to runs/clustering/v16_kcenter_seed2/report.md (188 lines)
[2026-09-19 14:17:20]   seed2 report.md done
[2026-09-19 14:17:20] === v16 re-run COMPLETE ===
